// Jest Snapshot v1, https://goo.gl/fbAQLP

exports[`should render ExpenseListItem with expense 1`] = `
<div>
  <Link
    to="/edit/1"
  >
    <h1>
      Gum
    </h1>
  </Link>
  <p>
    amount: 
    195
    â‚¬ - createdAt: 
    0
  </p>
</div>
`;
